Last login: Tue Mar 15 11:08:07 on ttys000
jocelyn ~ $ ls
AndroidSDK				batterystats.html
AndroidStudioProjects			batterystats.txt
Applications				cam projects
Desktop					for-udacity
DevPlatLogo.png				gdt-site
Documents				git-completion.bash
Downloads				git-prompt.sh
ILT					git-src
Japan					git-workspace
Library					google-cloud-sdk
Movies					grep
Music					jos_on_bus.jpg
My resume				maia css
OtherPlaceForAndroidStudioProjects	maven-tests
Pandemic Parties			mygradledir
ParanoidBackup				personal
Pictures				pixate wip
Public					ps.txt
Saved from Filer			purchase orders
Training				sketchbook pics
Training_Portal				udacity course images
Udacity					udacity-app-engine-course
Udacity analytics course		udacity-nano
acl.txt					watch images
api keys
jocelyn ~ $ cd Udacity
jocelyn Udacity $ ls
DictionaryProviderExample	Revamp
For Doc Integration		content_providers_course
MusicDroid			github_course
MyMusicDroid			images
MyTranslationApp		previous
RecyclerView
jocelyn Udacity $ cd github_course
jocelyn github_course $ ls
asteroids			reflection8 copy.txt
pappu_game			reflections
reflection8 copy 2.txt		reflectiontomerge copy.txt
reflection8 copy 3.txt		reflectiontomerge.txt
jocelyn github_course $ git status
fatal: Not a git repository (or any of the parent directories): .git
jocelyn github_course $ cd reflections
jocelyn (master) reflections $ git status
On branch master
Untracked files:
  (use "git add <file>..." to include in what will be committed)

	.DS_Store

nothing added to commit but untracked files present (use "git add" to track)
jocelyn (master) reflections $ git log
commit e50476d564731dd9f480765b5a7f2600bcac454e
Author: Jocelyn Becker <jocelyn@google.com>
Date:   Mon Mar 7 13:07:14 2016 -0800

    Added info on git show and on deleting a branch

commit 9e8db9d7ef75012327c610a6c434e0dce6b8fb1d
Author: Jocelyn Becker <jocelyn@google.com>
Date:   Mon Mar 7 12:54:16 2016 -0800

    I am the master

commit f4f669813710d356cea5d5fd3ebbd59520b00496
Merge: 26ec713 8ea3c35
Author: Jocelyn Becker <jocelyn@google.com>
Date:   Mon Mar 7 12:53:02 2016 -0800

    Merge branch 'branch1' - to add the happy merged branch

commit 8ea3c3573269275e6f836ad899a0e1ab90aa1ec6
Author: Jocelyn Becker <jocelyn@google.com>
Date:   Mon Mar 7 12:52:04 2016 -0800

    I'm a happy merged branch, or am I?`

commit 26ec71397032720aaf23ededb10492d71a6ddc01
Author: Jocelyn Becker <jocelyn@google.com>
Date:   Mon Mar 7 12:43:16 2016 -0800

    Not sure where reflection8 went...

commit 847fac23e2b6cb78267b67678cc697d5d5c2a5d3
Author: Jocelyn Becker <jocelyn@google.com>
Date:   Wed Feb 17 09:51:34 2016 -0800

    Adding last line BACK for fun and happiness

commit e9dd90728441a87838c7b9d81a8865727b3d1379
Author: Jocelyn Becker <jocelyn@google.com>
Date:   Wed Feb 17 09:49:21 2016 -0800

    Removed the last line for fun and happiness

commit b47ce8e54ca718b9da5f2d9bf1ccadf5bfd3572a
Author: Jocelyn Becker <jocelyn@google.com>
Date:   Wed Feb 17 09:47:48 2016 -0800

    Reflection 9

commit 35ab49ce8a23baa4183d4d51a4c461bfbfdf3832
Merge: db1bfcf 987dcfa
Author: Jocelyn Becker <jocelyn@google.com>
Date:   Wed Feb 17 09:45:46 2016 -0800

    Merge branch 'branch1'

commit 987dcfa41a0cd01a358c8cbb2fc3d835d0878192
Author: Jocelyn Becker <jocelyn@google.com>
Date:   Wed Feb 17 09:38:16 2016 -0800

    Where is my branch info?

commit db1bfcfbdc0ae5827e9e7ba06b10c702299ba40e
Author: Jocelyn Becker <jocelyn@google.com>
Date:   Wed Feb 17 09:32:35 2016 -0800

    More merge madness

commit daa58aede3c6ec38f2fbf81481157d2a28badf6b
Author: Jocelyn Becker <jocelyn@google.com>
Date:   Wed Feb 17 09:27:48 2016 -0800

    changes

commit e91815901cd1a83a60b39cee111a73ad12edef38
Author: Jocelyn Becker <jocelyn@google.com>
Date:   Wed Feb 17 09:26:58 2016 -0800

    more testing

commit 38ee302e17f9b6959036231bd6243c1768b26604
Author: Jocelyn Becker <jocelyn@google.com>
Date:   Wed Feb 17 09:21:44 2016 -0800

    Still figuring out branches

commit dfdcbd28a9f384711504a4f1baf6d5d8d04c4050
Merge: c20bcc3 890d9ee
Author: Jocelyn Becker <jocelyn@google.com>
Date:   Wed Feb 17 09:17:10 2016 -0800

    Merge branch 'branch1' for testing purposes and to get all the branch info into a single doc

commit 890d9ee3233f1d53f550c085c3fde964a11d309f
Author: Jocelyn Becker <jocelyn@google.com>
Date:   Wed Feb 17 09:13:02 2016 -0800

    More branch info (to be merged with master)

commit c20bcc3cd40f68fb0f130b9f4eda94f7b19500d4
Merge: 78939e0 620143f
Author: Jocelyn Becker <jocelyn@google.com>
Date:   Mon Feb 8 12:22:04 2016 -0800

    Merge branch 'branch1'

commit 78939e04885d4dbb45b7a3b49221d360af8649cf
Author: Jocelyn Becker <jocelyn@google.com>
Date:   Mon Feb 8 12:18:33 2016 -0800

    Adding info on git merge

commit 620143f6c77ddd7d800102a1a733f64708226929
Author: Jocelyn Becker <jocelyn@google.com>
jocelyn (master) reflections $ ls
reflection2.txt	reflection4.txt	reflection6.txt	reflection9.txt
reflection3.txt	reflection5.txt	reflection7.txt
jocelyn (master) reflections $ git status
On branch master
Untracked files:
  (use "git add <file>..." to include in what will be committed)

	.DS_Store

nothing added to commit but untracked files present (use "git add" to track)
jocelyn (master) reflections $ git branch
  branch1
* master
jocelyn (master) reflections $ ls
reflection2.txt	reflection4.txt	reflection6.txt	reflection9.txt
reflection3.txt	reflection5.txt	reflection7.txt
jocelyn (master) reflections $ vi reflection9.txt
jocelyn (master *) reflections $ git branch
  branch1
* master
jocelyn (master *) reflections $ git checkout branch1
error: Your local changes to the following files would be overwritten by checkout:
	reflection9.txt
Please, commit your changes or stash them before you can switch branches.
Aborting
jocelyn (master *) reflections $ git add reflection9.txt
jocelyn (master +) reflections $ git commit
error: There was a problem with the editor 'vi'.
Please supply the message using either -m or -F option.
jocelyn (master +) reflections $ git checkout branch1
error: Your local changes to the following files would be overwritten by checkout:
	reflection9.txt
Please, commit your changes or stash them before you can switch branches.
Aborting
jocelyn (master +) reflections $ git commit
[master 67b6043] conflict ahead
 1 file changed, 0 insertions(+), 0 deletions(-)
 rewrite reflection9.txt (100%)
jocelyn (master) reflections $ git checkout branch1
Switched to branch 'branch1'
jocelyn (branch1) reflections $ vi reflection9.txt
jocelyn (branch1) reflections $ ls
reflection2.txt		reflection5.txt		reflection8 copy.txt
reflection3.txt		reflection6.txt		reflection8.txt
reflection4.txt		reflection7.txt
jocelyn (branch1) reflections $ vi reflection10.txt
jocelyn (branch1) reflections $ git diff
jocelyn (branch1) reflections $ git status
On branch branch1
Untracked files:
  (use "git add <file>..." to include in what will be committed)

	.DS_Store
	reflection10.txt

nothing added to commit but untracked files present (use "git add" to track)
jocelyn (branch1) reflections $ git add reflection10.txt
jocelyn (branch1 +) reflections $ git commit
[branch1 c9c1e14] reflection10
 1 file changed, 1 insertion(+)
 create mode 100644 reflection10.txt
jocelyn (branch1) reflections $ git checkout master
Switched to branch 'master'
jocelyn (master) reflections $ ls
reflection2.txt	reflection4.txt	reflection6.txt	reflection9.txt
reflection3.txt	reflection5.txt	reflection7.txt
jocelyn (master) reflections $ git merge branch1 reflection10.txt
merge: reflection10.txt - not something we can merge
jocelyn (master) reflections $ git merge branch1
Merge made by the 'recursive' strategy.
 reflection10.txt | 1 +
 1 file changed, 1 insertion(+)
 create mode 100644 reflection10.txt
jocelyn (master) reflections $ ls
reflection10.txt	reflection4.txt		reflection7.txt
reflection2.txt		reflection5.txt		reflection9.txt
reflection3.txt		reflection6.txt
jocelyn (master) reflections $ vi reflection10.txt
jocelyn (master *) reflections $ git add *10
fatal: pathspec '*10' did not match any files
jocelyn (master *) reflections $ git add *10*
jocelyn (master +) reflections $ git commit
[master dab1021] master conflict
 1 file changed, 1 insertion(+), 1 deletion(-)
jocelyn (master) reflections $ git checkout branch1
Switched to branch 'branch1'
jocelyn (branch1) reflections $ vi *10*
jocelyn (branch1 *) reflections $ git add *10*
jocelyn (branch1 +) reflections $ git commit
[branch1 4b2899a] branch1 conflict
 1 file changed, 1 insertion(+), 1 deletion(-)
jocelyn (branch1) reflections $ git status
On branch branch1
Untracked files:
  (use "git add <file>..." to include in what will be committed)

	.DS_Store

nothing added to commit but untracked files present (use "git add" to track)
jocelyn (branch1) reflections $ git checkout master
Switched to branch 'master'
jocelyn (master) reflections $ git merge branch1
Auto-merging reflection10.txt
CONFLICT (content): Merge conflict in reflection10.txt
Automatic merge failed; fix conflicts and then commit the result.
jocelyn (master *+|MERGING) reflections $ vi *10*
jocelyn (master *+|MERGING) reflections $ git status
On branch master
You have unmerged paths.
  (fix conflicts and run "git commit")

Unmerged paths:
  (use "git add <file>..." to mark resolution)

	both modified:   reflection10.txt

Untracked files:
  (use "git add <file>..." to include in what will be committed)

	.DS_Store

no changes added to commit (use "git add" and/or "git commit -a")
jocelyn (master *+|MERGING) reflections $ vi *10*
jocelyn (master *+|MERGING) reflections $ git status
On branch master
You have unmerged paths.
  (fix conflicts and run "git commit")

Unmerged paths:
  (use "git add <file>..." to mark resolution)

	both modified:   reflection10.txt

Untracked files:
  (use "git add <file>..." to include in what will be committed)

	.DS_Store

no changes added to commit (use "git add" and/or "git commit -a")
jocelyn (master *+|MERGING) reflections $ git add *10*
jocelyn (master +|MERGING) reflections $ git merge branch1
fatal: You have not concluded your merge (MERGE_HEAD exists).
Please, commit your changes before you merge.
jocelyn (master +|MERGING) reflections $ git commit
[master fae2444] Merge branch 'branch1'
jocelyn (master) reflections $ git status
On branch master
Untracked files:
  (use "git add <file>..." to include in what will be committed)

	.DS_Store

nothing added to commit but untracked files present (use "git add" to track)
jocelyn (master) reflections $ git merge branch1
Already up-to-date.
jocelyn (master) reflections $ vi *10*
jocelyn (master) reflections $ git checkout branch1
Switched to branch 'branch1'
jocelyn (branch1) reflections $ ls
reflection10.txt	reflection4.txt		reflection7.txt
reflection2.txt		reflection5.txt		reflection8 copy.txt
reflection3.txt		reflection6.txt		reflection8.txt
jocelyn (branch1) reflections $ git checkout mster
error: pathspec 'mster' did not match any file(s) known to git.
jocelyn (branch1) reflections $ git checkout master
Switched to branch 'master'
jocelyn (master) reflections $ ls
reflection10.txt	reflection4.txt		reflection7.txt
reflection2.txt		reflection5.txt		reflection9.txt
reflection3.txt		reflection6.txt
jocelyn (master) reflections $ vi reflection9.txt
jocelyn (master) reflections $ more reflection9.txt
"reflection9.txt" may be a binary file.  See it anyway? 
jocelyn (master) reflections $ vi reflection9.txt

Adding last line back, for fun and happiness

Finding the parent of a commit
==============================
After merging two branches, when you do git log, you see all the commits for all the merged branches, sorted by time.

To find the changes introduced by a single commit, you need to diff it against its parent commit, which is not necessarily the one immediately before it chronologically (which could potentially have been done on a different branch)

To see the diff of a commit to its parent, do:
git show

a git merge is also a git commit

Deleting a branch
=================

To delete a branch:

git branch -d branchname

Resolving conflicts
===================

When you start a merge, if any of the merged files change the same lines in different ways, you get a conflict. You have to resolve the merges in the current branch then commit your changes to finish the merge.

How do you abandon a merge?

Git log
=======
To see a certain number of log statements use git log -n

eg git log -2